ÔøΩÕÅJuÔøΩets Jul 29 2019 12:21:46

rst:0x1 (POWERON_RESET),boot:0x16 (SPI_FAST_FLASH_BOOT)
configsip: 0, SPIWP:0xee
clk_drv:0x00,q_drv:0x00,d_drv:0x00,cs0_drv:0x00,hd_drv:0x00,wp_drv:0x00
mode:DIO, clock div:2
load:0x3fff0030,len:7176
load:0x40078000,len:15564
ho 0 tail 12 room 4
load:0x40080400,len:4
load:0x40080404,len:3904
entry 0x40080640
[0;32mI (31) boot: ESP-IDF v5.3 2nd stage bootloader[0m
[0;32mI (31) boot: compile time Aug 14 2024 17:41:32[0m
[0;32mI (31) boot: Multicore bootloader[0m
[0;32mI (35) boot: chip revision: v3.1[0m
[0;32mI (39) boot.esp32: SPI Speed      : 40MHz[0m
[0;32mI (44) boot.esp32: SPI Mode       : DIO[0m
[0;32mI (48) boot.esp32: SPI Flash Size : 2MB[0m
[0;32mI (53) boot: Enabling RNG early entropy source...[0m
[0;32mI (58) boot: Partition Table:[0m
[0;32mI (62) boot: ## Label            Usage          Type ST Offset   Length[0m
[0;32mI (69) boot:  0 nvs              WiFi data        01 02 00009000 00006000[0m
[0;32mI (76) boot:  1 phy_init         RF data          01 01 0000f000 00001000[0m
[0;32mI (84) boot:  2 factory          factory app      00 00 00010000 00100000[0m
[0;32mI (91) boot: End of partition table[0m
[0;32mI (96) esp_image: segment 0: paddr=00010020 vaddr=3f400020 size=0c73ch ( 51004) map[0m
[0;32mI (122) esp_image: segment 1: paddr=0001c764 vaddr=3ff80000 size=00004h (     4) load[0m
[0;32mI (122) esp_image: segment 2: paddr=0001c770 vaddr=3ffb0000 size=02588h (  9608) load[0m
[0;32mI (131) esp_image: segment 3: paddr=0001ed00 vaddr=40080000 size=01318h (  4888) load[0m
[0;32mI (138) esp_image: segment 4: paddr=00020020 vaddr=400d0020 size=1a6e0h (108256) map[0m
[0;32mI (182) esp_image: segment 5: paddr=0003a708 vaddr=40081318 size=0b944h ( 47428) load[0m
[0;32mI (207) boot: Loaded app from partition at offset 0x10000[0m
[0;32mI (207) boot: Disabling RNG early entropy source...[0m
[0;32mI (219) cpu_start: Multicore app[0m
[0;32mI (227) cpu_start: Pro cpu start user code[0m
[0;32mI (227) cpu_start: cpu freq: 160000000 Hz[0m
[0;32mI (227) app_init: Application information:[0m
[0;32mI (230) app_init: Project name:     hercules-esp[0m
[0;32mI (235) app_init: App version:      stable-1.0-382-gfca4fb6f2-dirty[0m
[0;32mI (242) app_init: Compile time:     Aug 14 2024 17:41:28[0m
[0;32mI (248) app_init: ELF file SHA256:  afb6014c0...[0m
[0;32mI (254) app_init: ESP-IDF:          v5.3[0m
[0;32mI (258) efuse_init: Min chip rev:     v0.0[0m
[0;32mI (263) efuse_init: Max chip rev:     v3.99 [0m
[0;32mI (268) efuse_init: Chip rev:         v3.1[0m
[0;32mI (273) heap_init: Initializing. RAM available for dynamic allocation:[0m
[0;32mI (280) heap_init: At 3FFAE6E0 len 00001920 (6 KiB): DRAM[0m
[0;32mI (286) heap_init: At 3FFB2F28 len 0002D0D8 (180 KiB): DRAM[0m
[0;32mI (292) heap_init: At 3FFE0440 len 00003AE0 (14 KiB): D/IRAM[0m
[0;32mI (299) heap_init: At 3FFE4350 len 0001BCB0 (111 KiB): D/IRAM[0m
[0;32mI (305) heap_init: At 4008CC5C len 000133A4 (76 KiB): IRAM[0m
[0;32mI (313) spi_flash: detected chip: generic[0m
[0;32mI (316) spi_flash: flash io: dio[0m
[0;33mW (320) spi_flash: Detected size(4096k) larger than the size in the binary image header(2048k). Using the size in the binary image header.[0m
[0;32mI (334) main_task: Started on CPU0[0m
[0;32mI (344) main_task: Calling app_main()[0m
[0;32mI (344) CAN module: Setting up CAN[0m
[0;32mI (344) CAN module: Configurations set[0m
[0;32mI (344) gpio: GPIO[4]| InputEn: 1| OutputEn: 0| OpenDrain: 0| Pullup: 0| Pulldown: 0| Intr:0 [0m
[0;33mW (354) CAN module: Failed to queue message for transmission[0m
[0;32mI (354) gpio: GPIO[16]| InputEn: 0| OutputEn: 1| OpenDrain: 0| Pullup: 0| Pulldown: 0| Intr:0 [0m
[0;32mI (374) CAN module: Driver installed[0m
[0;32mI (354) gpio: GPIO[19]| InputEn: 0| OutputEn: 1| OpenDrain: 0| Pullup: 0| Pulldown: 0| Intr:0 [0m
[0;32mI (354) ODOM module: install pcnt unit[0m
[0;32mI (354) ODOM module: install pcnt unit[0m
[0;32mI (354) main_task: Returned from app_main()[0m
[0;33mW (364) CAN module: Failed to queue message for transmission[0m
[0;32mI (354) gpio: GPIO[13]| InputEn: 0| OutputEn: 1| OpenDrain: 0| Pullup: 0| Pulldown: 0| Intr:0 [0m
[0;32mI (374) CAN module: Driver started[0m
[0;32mI (384) gpio: GPIO[22]| InputEn: 0| OutputEn: 1| OpenDrain: 0| Pullup: 0| Pulldown: 0| Intr:0 [0m
[0;32mI (384) ODOM module: set glitch filter[0m
[0;32mI (434) ODOM module: install pcnt channels[0m
[0;32mI (414) gpio: GPIO[32]| InputEn: 0| OutputEn: 1| OpenDrain: 0| Pullup: 0| Pulldown: 0| Intr:0 [0m
[0;32mI (424) gpio: GPIO[23]| InputEn: 0| OutputEn: 1| OpenDrain: 0| Pullup: 1| Pulldown: 0| Intr:0 [0m
[0;32mI (394) ODOM module: set glitch filter[0m
[0;32mI (434) gpio: GPIO[26]| InputEn: 1| OutputEn: 0| OpenDrain: 0| Pullup: 1| Pulldown: 0| Intr:0 [0m
[0;32mI (454) ODOM module: install pcnt channels[0m
[0;32mI (464) gpio: GPIO[14]| InputEn: 1| OutputEn: 0| OpenDrain: 0| Pullup: 1| Pulldown: 0| Intr:0 [0m
[0;32mI (474) gpio: GPIO[17]| InputEn: 1| OutputEn: 0| OpenDrain: 0| Pullup: 1| Pulldown: 0| Intr:0 [0m
[;32mI (494) gpio: GPIO[5]| InputEn: 1| OutputEn: 0| OpenDrain: 0| Pullup: 1| Pulldown: 0| Intr:0 [0m
[0;32mI (484) ODOM module: set edge and level actions for pcnt channels[0m
[0;32mI (504) ODOM module: set edge and level actions for pcnt channels[0m
[0;32mI (504) ODOM module: enable pcnt unit[0m
[0;32mI (514) ODOM module: enable pcnt unit[0m
[0;32mI (514) ODOM module: clear pcnt unit[0m
[0;32mI (524) ODOM module: clear pcnt unit[0m
[0;32mI (534) ODOM module: start pcnt unit[0m
[0;32mI (524) ODOM module: start pcnt unit[0m
[0;33mW (10414) CAN module: Failed to receive message
[0m
[0;33mW (20414) CAN module: Failed to receive message
[0m
[0;33mW (30414) CAN module: Failed to receive message
[0m
[0;33mW (31514) CAN module: Unknown message ID: 1024
[0m
[0;33mW (31514) CAN module: Unknown message ID: 1024
[0m
[0;31mE (60454) rmt: rmt_tx_wait_all_done(595): flush timeout[0m
ESP_ERROR_CHECK failed: esp_err_t 0x107 (ESP_ERR_TIMEOUT) at 0x400d6891
file: "./main/control.c" line 478
func: execute_phase
expression: rmt_tx_wait_all_done(motor_chan, 10000)

abort() was called at PC 0x40085cb7 on core 0


Backtrace: 0x4008190e:0x3ffbf6a0 0x40085cc1:0x3ffbf6c0 0x4008b632:0x3ffbf6e0 0x40085cb7:0x3ffbf750 0x400d6891:0x3ffbf780 0x400d68b1:0x3ffbf7a0 0x400d6968:0x3ffbf7d0




ELF file SHA256: afb6014c0

Rebooting...
ets Jul 29 2019 12:21:46

rst:0xc (SW_CPU_RESET),boot:0x16 (SPI_FAST_FLASH_BOOT)
configsip: 0, SPIWP:0xee
clk_drv:0x00,q_drv:0x00,d_drv:0x00,cs0_drv:0x00,hd_drv:0x00,wp_drv:0x00
mode:DIO, clock div:2
load:0x3fff0030,len:7176
load:0x40078000,len:15564
ho 0 tail 12 room 4
load:0x40080400,len:4
load:0x40080404,len:3904
entry 0x40080640
[0;32mI (31) boot: ESP-IDF v5.3 2nd stage bootloader[0m
[0;32mI (31) boot: compile time Aug 14 2024 17:41:32[0m
[0;32mI (31) boot: Multicore bootloader[0m
[0;32mI (35) boot: chip revision: v3.1[0m
[0;32mI (39) boot.esp32: SPI Speed      : 40MHz[0m
[0;32mI (44) boot.esp32: SPI Mode       : DIO[0m
[0;32mI (48) boot.esp32: SPI Flash Size : 2MB[0m
[0;32mI (53) boot: Enabling RNG early entropy source...[0m
[0;32mI (58) boot: Partition Table:[0m
[0;32mI (62) boot: ## Label            Usage          Type ST Offset   Length[0m
[0;32mI (69) boot:  0 nvs              WiFi data        01 02 00009000 00006000[0m
[0;32mI (76) boot:  1 phy_init         RF data          01 01 0000f000 00001000[0m
[0;32mI (84) boot:  2 factory          factory app      00 00 00010000 00100000[0m
[0;32mI (91) boot: End of partition table[0m
[0;32mI (96) esp_image: segment 0: paddr=00010020 vaddr=3f400020 size=0c73ch ( 51004) map[0m
[0;32mI (122) esp_image: segment 1: paddr=0001c764 vaddr=3ff80000 size=00004h (     4) load[0m
[0;32mI (122) esp_image: segment 2: paddr=0001c770 vaddr=3ffb0000 size=02588h (  9608) load[0m
[0;32mI (131) esp_image: segment 3: paddr=0001ed00 vaddr=40080000 size=01318h (  4888) load[0m
[0;32mI (138) esp_image: segment 4: paddr=00020020 vaddr=400d0020 size=1a6e0h (108256) map[0m
[0;32mI (181) esp_image: segment 5: paddr=0003a708 vaddr=40081318 size=0b944h ( 47428) load[0m
[0;32mI (207) boot: Loaded app from partition at offset 0x10000[0m
[0;32mI (207) boot: Disabling RNG early entropy source...[0m
[0;32mI (218) cpu_start: Multicore app[0m
[0;32mI (227) cpu_start: Pro cpu start user code[0m
[0;32mI (227) cpu_start: cpu freq: 160000000 Hz[0m
[0;32mI (227) app_init: Application information:[0m
[0;32mI (230) app_init: Project name:     hercules-esp[0m
[0;32mI (235) app_init: App version:      stable-1.0-382-gfca4fb6f2-dirty[0m
[0;32mI (242) app_init: Compile time:     Aug 14 2024 17:41:28[0m
[0;32mI (248) app_init: ELF file SHA256:  afb6014c0...[0m
[0;32mI (253) app_init: ESP-IDF:          v5.3[0m
[0;32mI (258) efuse_init: Min chip rev:     v0.0[0m
[0;32mI (263) efuse_init: Max chip rev:     v3.99 [0m
[0;32mI (268) efuse_init: Chip rev:         v3.1[0m
[0;32mI (273) heap_init: Initializing. RAM available for dynamic allocation:[0m
[0;32mI (280) heap_init: At 3FFAE6E0 len 00001920 (6 KiB): DRAM[0m
[0;32mI (286) heap_init: At 3FFB2F28 len 0002D0D8 (180 KiB): DRAM[0m
[0;32mI (292) heap_init: At 3FFE0440 len 00003AE0 (14 KiB): D/IRAM[0m
[0;32mI (298) heap_init: At 3FFE4350 len 0001BCB0 (111 KiB): D/IRAM[0m
[0;32mI (305) heap_init: At 4008CC5C len 000133A4 (76 KiB): IRAM[0m
[0;32mI (312) spi_flash: detected chip: generic[0m
[0;32mI (316) spi_flash: flash io: dio[0m
[0;33mW (320) spi_flash: Detected size(4096k) larger than the size in the binary image header(2048k). Using the size in the binary image header.[0m
[0;32mI (334) main_task: Started on CPU0[0m
[0;32mI (344) main_task: Calling app_main()[0m
[0;32mI (344) CAN module: Setting up CAN[0m
[0;32mI (344) CAN module: Configurations set[0m
[0;32mI (344) gpio: GPIO[4]| InputEn: 1| OutputEn: 0| OpenDrain: 0| Pullup: 0| Pulldown: 0| Intr:0 [0m
[0;33mW (354) CAN module: Failed to queue message for transmission[0m
[0;32mI (354) gpio: GPIO[16]| InputEn: 0| OutputEn: 1| OpenDrain: 0| Pullup: 0| Pulldown: 0| Intr:0 [0m
[0;32mI (374) CAN module: Driver installed[0m
[0;32mI (354) gpio: GPIO[19]| InputEn: 0| OutputEn: 1| OpenDrain: 0| Pullup: 0| Pulldown: 0| Intr:0 [0m
[0;32mI (354) ODOM module: install pcnt unit[0m
[0;32mI (354) ODOM module instll pcnt unit[0m
[0;32mI (354) main_task: Returned from app_main()[0m
[0;33mW (364) CAN module: Failed to queue message for transmission[0m
[0;32mI (354) gpio: GPIO[13]| InputEn: 0| OutputEn: 1| OpenDrain: 0| Pullup: 0| Pulldown: 0| Intr:0 [0m
[0;32mI (374) CAN module: Driver started[0m
[0;32mI (384) gpio: GPIO[22]| InputEn: 0| OutputEn: 1| OpenDrain: 0| Pullup: 0| Pulldown: 0| Intr:0 [0m
[0;32mI (384) ODOM module: set glitch filter[0m
[0;32mI (434) ODOM module: install pcnt channels[0m
[0;32mI (414) gpio: GPIO[32]| InputEn: 0| OutputEn: 1| OpenDrain: 0| Pullup: 0| Pulldown: 0| Intr:0 [0m
[0;32mI (424) gpio: GPIO[23]| InputEn: 0| OutputEn: 1| OpenDrain: 0| Pullup: 1| Pulldown: 0| Intr:0 [0m
[0;32mI (394) ODOM module: set glitch filter[0m
[0;32mI (434) gpio: GPIO[26]| InputEn: 1| OutputEn: 0| OpenDrain: 0| Pullup: 1| Pulldown: 0| Intr:0 [0m
[0;32mI (454) ODOM module: install pcnt channels[0m
[0;32mI (464) gpio: GPIO[14]| InputEn: 1| OutputEn: 0| OpenDrain: 0| Pullup: 1| Pulldown: 0| Intr:0 [0m
[0;32mI (474) gpio: GPIO[17]| InputEn: 1| OutputEn: 0| OpenDrain: 0| Pullup: 1| Pulldown: 0| Intr:0 [0m
[0;32mI (494) gpio: GPIO[5]| InputEn: 1| OutputEn: 0| OpenDrain: 0| Pullup: 1| Pulldown: 0| Intr:0 [0m
[0;32mI (484) ODOM module: set edge and level actions for pcnt channels[0m
[0;32mI (504) ODOM module: set edge and level actions for pcnt channels[0m
[0;32mI (504) ODOM module: enable pcnt unit[0m
[0;32mI (514) ODOM module: enable pcnt unit[0m
[0;32mI (514) ODOM module: clear pcnt unit[0m
[0;32mI (524) ODOM module: clear pcnt unit[0m
[0;32mI (534) ODOM module: start pcnt unit[0m
[0;32mI (524) ODOM module: start pcnt unit[0m
[0;31mE (11454) rmt: rmt_tx_wait_all_done(595): flush timeout[0m
ESP_ERROR_CHECK failed: esp_err_t 0x107 (ESP_ERR_TIMEOUT) at 0x400d6891
file: "./main/control.c" line 478
func: execute_phase
expression: rmt_tx_wait_all_done(motor_chan, 10000)

abort() was called at PC 0x40085cb7 on core 0


Backtrace: 0x4008190e:0x3ffbf6a0 0x40085cc1:0x3ffbf6c0 0x4008b632:0x3ffbf6e0 0x40085cb7:0x3ffbf750 0x400d6891:0x3ffbf780 0x400d68b1:0x3ffbf7a0 0x400d6968:0x3ffbf7d0




ELF file SHA256: afb6014c0

Rebooting...
ets Jul 29 2019 12:21:46

rst:0xc (SW_CPU_RESET),boot:0x16 (SPI_FAST_FLASH_BOOT)
configsip: 0, SPIWP:0xee
clk_drv:0x00,q_drv:0x00,d_drv:0x00,cs0_drv:0x00,hd_drv:0x00,wp_drv:0x00
mode:DIO, clock div:2
load:0x3fff0030,len:7176
load:0x40078000,len:15564
ho 0 tail 12 room 4
load:0x40080400,len:4
load:0x40080404,len:3904
entry 0x40080640
[0;32mI (31) boot: ESP-IDF v5.3 2nd stage bootloader[0m
[0;32mI (31) boot: compile time Aug 14 2024 17:41:32[0m
[0;32mI (31) boot: Multicore bootloader[0m
[0;32mI (35) boot: chip revision: v3.1[0m
[0;32mI (39) boot.esp32: SPI Speed      : 40MHz[0m
[0;32mI (44) boot.esp32: SPI Mode       : DIO[0m
[0;32mI (48) boot.esp32: SPI Flash Size : 2MB[0m
[0;32mI (53) boot: Enabling RNG early entropy source...[0m
[0;32mI (58) boot: Partition Table:[0m
[0;32mI (62) boot: ## Label            Usage          Type ST Offset   Length[0m
[0;32mI (69) boot:  0 nvs              WiFi data        01 02 00009000 00006000[0m
[0;32mI (76) boot:  1 phy_init         RF data          01 01 0000f000 00001000[0m
[0;32mI (84) boot:  2 factory          factory app      00 00 00010000 00100000[0m
[0;32mI (91) boot: End of partition table[0m
[0;32mI (96) esp_image: segment 0: paddr=00010020 vaddr=3f400020 size=0c73ch ( 51004) map[0m
[0;32mI (122) esp_image: segment 1: paddr=0001c764 vaddr=3ff80000 size=00004h (     4) load[0m
[0;32mI (122) esp_image: segment 2: paddr=0001c770 vaddr=3ffb0000 size=02588h (  9608) load[0m
[0;32mI (131) esp_image: segment 3: paddr=0001ed00 vaddr=40080000 size=01318h (  4888) load[0m
[0;32mI (138) esp_image: segment 4: paddr=00020020 vaddr=400d0020 size=1a6e0h (108256) map[0m
[0;32mI (181) esp_image: segment 5: paddr=0003a708 vaddr=40081318 size=0b944h ( 47428) load[0m
[0;32mI (207) boot: Loaded app from partition at offset 0x10000[0m
[0;32mI (207) boot: Disabling RNG early entropy source...[0m
[0;32mI (218) cpu_start: Multicore app[0m
[0;32mI (227) cpu_start: Pro cpu start user code[0m
[0;32mI (227) cpu_start: cpu freq: 160000000 Hz[0m
[0;32mI (227) app_init: Application information:[0m
[0;32mI (230) app_init: Project name:     hercules-esp[0m
[0;32mI (235) app_init: App version:      stable-1.0-382-gfca4fb6f2-dirty[0m
[0;32mI (242) app_init: Compile time:     Aug 14 2024 17:41:28[0m
[0;32mI (248) app_init: ELF file SHA256:  afb6014c0...[0m
[0;32mI (253) app_init: ESP-IDF:          v5.3[0m
[0;32mI (258) efuse_init: Min chip rev:     v0.0[0m
[0;32mI (263) efuse_init: Max chip rev:     v3.99 [0m
[0;32mI (268) efuse_init: Chip rev:         v3.1[0m
[0;32mI (273) heap_init: Initializing. RAM available for dynamic allocation:[0m
[0;32mI (280) heap_init: At 3FFAE6E0 len 00001920 (6 KiB): DRAM[0m
[0;32mI (286) heap_init: At 3FFB2F28 len 0002D0D8 (180 KiB): DRAM[0m
[0;32mI (292) heap_init: At 3FFE0440 len 00003AE0 (14 KiB): D/IRAM[0m
[0;32mI (298) heap_init: At 3FFE4350 len 0001BCB0 (111 KiB): D/IRAM[0m
[0;32mI (305) heap_init: At 4008CC5C len 000133A4 (76 KiB): IRAM[0m
[0;32mI (312) spi_flash: detected chip: generic[0m
[0;32mI (316) spi_flash: flash io: dio[0m
[0;33mW (320) spi_flash: Detected size(4096k) larger than the size in the binary image header(2048k). Using the size in the binary image header.[0m
[0;32mI (334) main_task: Started on CPU0[0m
[0;32mI (344) main_task: Calling app_main()[0m
[0;32mI (344) CAN module: Setting up CAN[0m
[0;32mI (344) CAN module: Configurations set[0m
[0;32mI (344) gpio: GPIO[4]| InputEn: 1| OutputEn: 0| OpenDrain: 0| Pullup: 0| Pulldown: 0| Intr:0 [0m
[0;33mW (354) CAN module: Failed to queue message for transmission[0m
[0;32mI (354) gpio: GPIO[16]| InputEn: 0| OutputEn: 1| OpenDrain: 0| Pullup: 0| Pulldown: 0| Intr:0 [0m
[0;32mI (374) CAN module: Driver installed[0m
[0;32mI (354) gpio: GPIO[19]| InputEn: 0| OutputEn: 1| OpenDrain: 0| Pullup: 0| Pulldown: 0| Intr:0 [0m
[0;32mI (354) ODOM module: install pcnt unit[0m
[0;32mI (354) ODOM mdue: nstal pcn unit[0m
[0;32mI (354) main_task: Returned from app_main()[0m
[0;33mW (364) CAN module: Failed to queue message for transmission[0m
[0;32mI (354) gpio: GPIO[13]| InputEn: 0| OutputEn: 1| OpenDrain: 0| Pullup: 0| Pulldown: 0| Intr:0 [0m
[0;32mI (374) CAN module: Driver started[0m
[0;32mI (384) gpio: GPIO[22]| InputEn: 0| OutputEn: 1| OpenDrain: 0| Pullup: 0| Pulldown: 0| Intr:0 [0m
[0;32mI (384) ODOM module: set glitch filter[0m
[0;32mI (434) ODOM module: install pcnt channels[0m
[0;32mI (414) gpio: GPIO[32]| InputEn: 0| OutputEn: 1| OpenDrain: 0| Pullup: 0| Pulldown: 0| Intr:0 [0m
[0;32mI (424) gpio: GPIO[23]| InputEn: 0| OutputEn: 1| OpenDrain: 0| Pullup: 1| Pulldown: 0| Intr:0 [0m
[0;32mI (394) ODOM module: set glitch filter[0m
[0;32mI (434) gpio: GPIO[26]| InputEn: 1| OutputEn: 0| OpenDrain: 0| Pullup: 1| Pulldown: 0| Intr:0 [0m
[0;32mI (454) ODOM module: install pcnt channels[0m
[0;32mI (464) gpio: GPIO[14]| InputEn: 1| OutputEn: 0| OpenDrain: 0| Pullup: 1| Pulldown: 0| Intr:0 [0m
[0;32mI (474) gpio: GPIO[17]| InputEn: 1| OutputEn: 0| OpenDrain: 0| Pullup: 1| Pulldown: 0| Intr:0 [0m
[0;32mI (494) gpio: GPIO[5]| InputEn: 1| OutputEn: 0| OpenDrain: 0| Pullup: 1| Pulldown: 0| Intr:0 [0m
[0;32mI (484) ODOM module: set edge and level actions for pcnt channels[0m
[0;32mI (504) ODOM module: set edge and level actions for pcnt channels[0m
[0;32mI (504) ODOM module: enable pcnt unit[0m
[0;32mI (514) ODOM module: enable pcnt unit[0m
[0;32mI (514) ODOM module: clear pcnt unit[0m
[0;32mI (524) ODOM module: clear pcnt unit[0m
[0;32mI (534) ODOM module: start pcnt unit[0m
[0;32mI (524) ODOM module: start pcnt unit[0m
[0;33mW (26474) CAN module: Failed to receive message
[0m
